\BOOKMARK [1][]{Doc-Start}{\376\377\000C\000\342\000u\000\040\0001}{}% 1
\BOOKMARK [2][]{section*.1}{\376\377\000a\000\051}{Doc-Start}% 2
\BOOKMARK [2][]{figure.caption.6}{\376\377\000b\000\051}{Doc-Start}% 3
\BOOKMARK [1][]{figure.caption.8}{\376\377\000C\000\342\000u\000\040\0002}{}% 4
\BOOKMARK [2][]{figure.caption.10}{\376\377\000a\0001\000\051}{figure.caption.8}% 5
\BOOKMARK [2][]{figure.caption.11}{\376\377\000b\0001\000\051}{figure.caption.8}% 6
\BOOKMARK [2][]{figure.caption.13}{\376\377\000a\0002\000\051}{figure.caption.8}% 7
\BOOKMARK [2][]{figure.caption.14}{\376\377\000b\0002\000\051}{figure.caption.8}% 8
\BOOKMARK [1][]{figure.caption.16}{\376\377\000C\000\342\000u\000\040\0003}{}% 9
\BOOKMARK [2][]{figure.caption.17}{\376\377\000a\000\051}{figure.caption.16}% 10
\BOOKMARK [2][]{figure.caption.19}{\376\377\000b\000\051}{figure.caption.16}% 11
\BOOKMARK [1][]{figure.caption.23}{\376\377\000C\000\342\000u\000\040\0004}{}% 12
\BOOKMARK [2][]{figure.caption.24}{\376\377\000a\000\051}{figure.caption.23}% 13
\BOOKMARK [2][]{figure.caption.26}{\376\377\000b\000\051}{figure.caption.23}% 14
\BOOKMARK [1][]{figure.caption.32}{\376\377\000C\000\342\000u\000\040\0005}{}% 15
\BOOKMARK [2][]{figure.caption.33}{\376\377\000a\000\051}{figure.caption.32}% 16
\BOOKMARK [2][]{figure.caption.36}{\376\377\000b\000\051}{figure.caption.32}% 17
\BOOKMARK [2][]{figure.caption.38}{\376\377\000c\000\051}{figure.caption.32}% 18
\BOOKMARK [1][]{figure.caption.40}{\376\377\000C\000\342\000u\000\040\0006}{}% 19
\BOOKMARK [2][]{section*.41}{\376\377\000a\000\051}{figure.caption.40}% 20
\BOOKMARK [2][]{figure.caption.43}{\376\377\000b\000\051}{figure.caption.40}% 21
\BOOKMARK [2][]{figure.caption.44}{\376\377\000c\000\051}{figure.caption.40}% 22
\BOOKMARK [1][]{figure.caption.48}{\376\377\000C\000\342\000u\000\040\0007}{}% 23
\BOOKMARK [2][]{section*.49}{\376\377\000a\000\051}{figure.caption.48}% 24
\BOOKMARK [2][]{figure.caption.51}{\376\377\000b\000\051}{figure.caption.48}% 25
\BOOKMARK [2][]{figure.caption.52}{\376\377\000c\000\051}{figure.caption.48}% 26
\BOOKMARK [1][]{figure.caption.56}{\376\377\000C\000\342\000u\000\040\0008}{}% 27
\BOOKMARK [2][]{section*.57}{\376\377\000a\000\051}{figure.caption.56}% 28
\BOOKMARK [2][]{figure.caption.62}{\376\377\000b\000\051}{figure.caption.56}% 29
\BOOKMARK [1][]{figure.caption.66}{\376\377\000C\000\342\000u\000\040\0009}{}% 30
\BOOKMARK [2][]{section*.67}{\376\377\000a\000\051}{figure.caption.66}% 31
\BOOKMARK [2][]{figure.caption.71}{\376\377\000b\000\051}{figure.caption.66}% 32
\BOOKMARK [1][]{figure.caption.75}{\376\377\000C\000\342\000u\000\040\0001\0000}{}% 33
\BOOKMARK [2][]{section*.76}{\376\377\000a\000\051}{figure.caption.75}% 34
\BOOKMARK [2][]{figure.caption.77}{\376\377\000b\000\051}{figure.caption.75}% 35
\BOOKMARK [1][]{figure.caption.78}{\376\377\000C\000\342\000u\000\040\0001\0001}{}% 36
\BOOKMARK [2][]{figure.caption.80}{\376\377\000a\000\051}{figure.caption.78}% 37
\BOOKMARK [2][]{figure.caption.83}{\376\377\000b\000\051}{figure.caption.78}% 38
\BOOKMARK [1][]{figure.caption.86}{\376\377\000C\000\342\000u\000\040\0001\0002}{}% 39
\BOOKMARK [2][]{figure.caption.88}{\376\377\000a\000\051}{figure.caption.86}% 40
\BOOKMARK [2][]{figure.caption.90}{\376\377\000b\000\051}{figure.caption.86}% 41
\BOOKMARK [1][]{figure.caption.92}{\376\377\000C\000\342\000u\000\040\0001\0003}{}% 42
\BOOKMARK [2][]{figure.caption.94}{\376\377\000a\000\051}{figure.caption.92}% 43
\BOOKMARK [2][]{figure.caption.96}{\376\377\000b\000\051}{figure.caption.92}% 44
\BOOKMARK [1][]{figure.caption.98}{\376\377\000C\000\342\000u\000\040\0001\0004}{}% 45
\BOOKMARK [2][]{figure.caption.99}{\376\377\000a\000\051}{figure.caption.98}% 46
\BOOKMARK [2][]{figure.caption.103}{\376\377\000b\000\051}{figure.caption.98}% 47
